#-----------------------------------------------------------
# Vivado v2025.2 (64-bit)
# SW Build 6299465 on Fri Nov 14 19:35:11 GMT 2025
# IP Build 6300035 on Fri Nov 14 10:48:45 MST 2025
# SharedData Build 6298862 on Thu Nov 13 04:50:51 MST 2025
# Start of session at: Sat Dec 13 15:31:33 2025
# Process ID         : 7644
# Current directory  : C:/Users/benma/Documents/FPGA/1st Project - Blinking LED
# Command line       : vivado.exe -mode batch -source scripts/create_project.tcl
# Log file           : C:/Users/benma/Documents/FPGA/1st Project - Blinking LED/vivado.log
# Journal file       : C:/Users/benma/Documents/FPGA/1st Project - Blinking LED\vivado.jou
# Running On         : LEE
# Platform           : Windows Server 2016 or Windows 10
# Operating System   : 26200
# Processor Detail   : 13th Gen Intel(R) Core(TM) i7-13700
# CPU Frequency      : 2112 MHz
# CPU Physical cores : 16
# CPU Logical cores  : 24
# Host memory        : 33963 MB
# Swap memory        : 16642 MB
# Total Virtual      : 50606 MB
# Available Virtual  : 26920 MB
#-----------------------------------------------------------
source scripts/create_project.tcl
source tb_Blinking_LED.tcl
